------------------------------------------------------------
Timing Analyzer Summary
------------------------------------------------------------

Type  : Slow 1200mV 85C Model Setup 'clk'
Slack : -5.126
TNS   : -492.096

Type  : Slow 1200mV 85C Model Setup 'divf:u4_1|clkl'
Slack : -2.067
TNS   : -16.466

Type  : Slow 1200mV 85C Model Setup 'divf:u7_1|clkl'
Slack : -2.043
TNS   : -15.824

Type  : Slow 1200mV 85C Model Setup 'divf:u2_1|clkl'
Slack : -1.891
TNS   : -15.653

Type  : Slow 1200mV 85C Model Setup 'divf:u3_1|clkl'
Slack : -1.877
TNS   : -15.929

Type  : Slow 1200mV 85C Model Setup 'divf:u9_1|clkl'
Slack : -1.877
TNS   : -15.202

Type  : Slow 1200mV 85C Model Setup 'divf:u6_1|clkl'
Slack : -1.872
TNS   : -15.407

Type  : Slow 1200mV 85C Model Setup 'divf:u1_1|clkl'
Slack : -1.806
TNS   : -15.417

Type  : Slow 1200mV 85C Model Setup 'divf:u8_1|clkl'
Slack : -1.795
TNS   : -14.628

Type  : Slow 1200mV 85C Model Setup 'divf:u5_1|clkl'
Slack : -1.740
TNS   : -14.568

Type  : Slow 1200mV 85C Model Hold 'clk'
Slack : 0.627
TNS   : 0.000

Type  : Slow 1200mV 85C Model Hold 'divf:u4_1|clkl'
Slack : 0.633
TNS   : 0.000

Type  : Slow 1200mV 85C Model Hold 'divf:u6_1|clkl'
Slack : 0.646
TNS   : 0.000

Type  : Slow 1200mV 85C Model Hold 'divf:u7_1|clkl'
Slack : 0.646
TNS   : 0.000

Type  : Slow 1200mV 85C Model Hold 'divf:u1_1|clkl'
Slack : 0.650
TNS   : 0.000

Type  : Slow 1200mV 85C Model Hold 'divf:u2_1|clkl'
Slack : 0.650
TNS   : 0.000

Type  : Slow 1200mV 85C Model Hold 'divf:u3_1|clkl'
Slack : 0.650
TNS   : 0.000

Type  : Slow 1200mV 85C Model Hold 'divf:u8_1|clkl'
Slack : 0.651
TNS   : 0.000

Type  : Slow 1200mV 85C Model Hold 'divf:u5_1|clkl'
Slack : 0.654
TNS   : 0.000

Type  : Slow 1200mV 85C Model Hold 'divf:u9_1|clkl'
Slack : 0.659
TNS   : 0.000

Type  : Slow 1200mV 85C Model Minimum Pulse Width 'clk'
Slack : -3.000
TNS   : -342.526

Type  : Slow 1200mV 85C Model Minimum Pulse Width 'divf:u1_1|clkl'
Slack : -1.403
TNS   : -15.433

Type  : Slow 1200mV 85C Model Minimum Pulse Width 'divf:u2_1|clkl'
Slack : -1.403
TNS   : -15.433

Type  : Slow 1200mV 85C Model Minimum Pulse Width 'divf:u3_1|clkl'
Slack : -1.403
TNS   : -15.433

Type  : Slow 1200mV 85C Model Minimum Pulse Width 'divf:u4_1|clkl'
Slack : -1.403
TNS   : -15.433

Type  : Slow 1200mV 85C Model Minimum Pulse Width 'divf:u5_1|clkl'
Slack : -1.403
TNS   : -15.433

Type  : Slow 1200mV 85C Model Minimum Pulse Width 'divf:u6_1|clkl'
Slack : -1.403
TNS   : -15.433

Type  : Slow 1200mV 85C Model Minimum Pulse Width 'divf:u7_1|clkl'
Slack : -1.403
TNS   : -15.433

Type  : Slow 1200mV 85C Model Minimum Pulse Width 'divf:u8_1|clkl'
Slack : -1.403
TNS   : -15.433

Type  : Slow 1200mV 85C Model Minimum Pulse Width 'divf:u9_1|clkl'
Slack : -1.403
TNS   : -15.433

Type  : Slow 1200mV 0C Model Setup 'clk'
Slack : -4.686
TNS   : -426.146

Type  : Slow 1200mV 0C Model Setup 'divf:u4_1|clkl'
Slack : -1.796
TNS   : -13.944

Type  : Slow 1200mV 0C Model Setup 'divf:u7_1|clkl'
Slack : -1.768
TNS   : -13.436

Type  : Slow 1200mV 0C Model Setup 'divf:u3_1|clkl'
Slack : -1.646
TNS   : -13.621

Type  : Slow 1200mV 0C Model Setup 'divf:u2_1|clkl'
Slack : -1.643
TNS   : -13.449

Type  : Slow 1200mV 0C Model Setup 'divf:u6_1|clkl'
Slack : -1.602
TNS   : -12.935

Type  : Slow 1200mV 0C Model Setup 'divf:u9_1|clkl'
Slack : -1.598
TNS   : -12.771

Type  : Slow 1200mV 0C Model Setup 'divf:u1_1|clkl'
Slack : -1.582
TNS   : -13.262

Type  : Slow 1200mV 0C Model Setup 'divf:u8_1|clkl'
Slack : -1.574
TNS   : -12.476

Type  : Slow 1200mV 0C Model Setup 'divf:u5_1|clkl'
Slack : -1.501
TNS   : -12.205

Type  : Slow 1200mV 0C Model Hold 'clk'
Slack : 0.581
TNS   : 0.000

Type  : Slow 1200mV 0C Model Hold 'divf:u4_1|clkl'
Slack : 0.595
TNS   : 0.000

Type  : Slow 1200mV 0C Model Hold 'divf:u7_1|clkl'
Slack : 0.597
TNS   : 0.000

Type  : Slow 1200mV 0C Model Hold 'divf:u6_1|clkl'
Slack : 0.598
TNS   : 0.000

Type  : Slow 1200mV 0C Model Hold 'divf:u2_1|clkl'
Slack : 0.604
TNS   : 0.000

Type  : Slow 1200mV 0C Model Hold 'divf:u1_1|clkl'
Slack : 0.605
TNS   : 0.000

Type  : Slow 1200mV 0C Model Hold 'divf:u3_1|clkl'
Slack : 0.605
TNS   : 0.000

Type  : Slow 1200mV 0C Model Hold 'divf:u5_1|clkl'
Slack : 0.605
TNS   : 0.000

Type  : Slow 1200mV 0C Model Hold 'divf:u8_1|clkl'
Slack : 0.605
TNS   : 0.000

Type  : Slow 1200mV 0C Model Hold 'divf:u9_1|clkl'
Slack : 0.613
TNS   : 0.000

Type  : Slow 1200mV 0C Model Minimum Pulse Width 'clk'
Slack : -3.000
TNS   : -342.526

Type  : Slow 1200mV 0C Model Minimum Pulse Width 'divf:u1_1|clkl'
Slack : -1.403
TNS   : -15.433

Type  : Slow 1200mV 0C Model Minimum Pulse Width 'divf:u2_1|clkl'
Slack : -1.403
TNS   : -15.433

Type  : Slow 1200mV 0C Model Minimum Pulse Width 'divf:u3_1|clkl'
Slack : -1.403
TNS   : -15.433

Type  : Slow 1200mV 0C Model Minimum Pulse Width 'divf:u4_1|clkl'
Slack : -1.403
TNS   : -15.433

Type  : Slow 1200mV 0C Model Minimum Pulse Width 'divf:u5_1|clkl'
Slack : -1.403
TNS   : -15.433

Type  : Slow 1200mV 0C Model Minimum Pulse Width 'divf:u6_1|clkl'
Slack : -1.403
TNS   : -15.433

Type  : Slow 1200mV 0C Model Minimum Pulse Width 'divf:u7_1|clkl'
Slack : -1.403
TNS   : -15.433

Type  : Slow 1200mV 0C Model Minimum Pulse Width 'divf:u8_1|clkl'
Slack : -1.403
TNS   : -15.433

Type  : Slow 1200mV 0C Model Minimum Pulse Width 'divf:u9_1|clkl'
Slack : -1.403
TNS   : -15.433

Type  : Fast 1200mV 0C Model Setup 'clk'
Slack : -1.701
TNS   : -69.751

Type  : Fast 1200mV 0C Model Setup 'divf:u4_1|clkl'
Slack : -0.279
TNS   : -1.263

Type  : Fast 1200mV 0C Model Setup 'divf:u7_1|clkl'
Slack : -0.253
TNS   : -0.996

Type  : Fast 1200mV 0C Model Setup 'divf:u6_1|clkl'
Slack : -0.243
TNS   : -0.976

Type  : Fast 1200mV 0C Model Setup 'divf:u9_1|clkl'
Slack : -0.237
TNS   : -0.736

Type  : Fast 1200mV 0C Model Setup 'divf:u8_1|clkl'
Slack : -0.215
TNS   : -0.739

Type  : Fast 1200mV 0C Model Setup 'divf:u3_1|clkl'
Slack : -0.199
TNS   : -0.906

Type  : Fast 1200mV 0C Model Setup 'divf:u2_1|clkl'
Slack : -0.166
TNS   : -0.707

Type  : Fast 1200mV 0C Model Setup 'divf:u5_1|clkl'
Slack : -0.161
TNS   : -0.420

Type  : Fast 1200mV 0C Model Setup 'divf:u1_1|clkl'
Slack : -0.138
TNS   : -0.608

Type  : Fast 1200mV 0C Model Hold 'clk'
Slack : 0.242
TNS   : 0.000

Type  : Fast 1200mV 0C Model Hold 'divf:u4_1|clkl'
Slack : 0.249
TNS   : 0.000

Type  : Fast 1200mV 0C Model Hold 'divf:u1_1|clkl'
Slack : 0.251
TNS   : 0.000

Type  : Fast 1200mV 0C Model Hold 'divf:u2_1|clkl'
Slack : 0.251
TNS   : 0.000

Type  : Fast 1200mV 0C Model Hold 'divf:u7_1|clkl'
Slack : 0.251
TNS   : 0.000

Type  : Fast 1200mV 0C Model Hold 'divf:u3_1|clkl'
Slack : 0.252
TNS   : 0.000

Type  : Fast 1200mV 0C Model Hold 'divf:u6_1|clkl'
Slack : 0.252
TNS   : 0.000

Type  : Fast 1200mV 0C Model Hold 'divf:u8_1|clkl'
Slack : 0.252
TNS   : 0.000

Type  : Fast 1200mV 0C Model Hold 'divf:u5_1|clkl'
Slack : 0.254
TNS   : 0.000

Type  : Fast 1200mV 0C Model Hold 'divf:u9_1|clkl'
Slack : 0.255
TNS   : 0.000

Type  : Fast 1200mV 0C Model Minimum Pulse Width 'clk'
Slack : -3.000
TNS   : -253.405

Type  : Fast 1200mV 0C Model Minimum Pulse Width 'divf:u1_1|clkl'
Slack : -1.000
TNS   : -11.000

Type  : Fast 1200mV 0C Model Minimum Pulse Width 'divf:u2_1|clkl'
Slack : -1.000
TNS   : -11.000

Type  : Fast 1200mV 0C Model Minimum Pulse Width 'divf:u3_1|clkl'
Slack : -1.000
TNS   : -11.000

Type  : Fast 1200mV 0C Model Minimum Pulse Width 'divf:u4_1|clkl'
Slack : -1.000
TNS   : -11.000

Type  : Fast 1200mV 0C Model Minimum Pulse Width 'divf:u5_1|clkl'
Slack : -1.000
TNS   : -11.000

Type  : Fast 1200mV 0C Model Minimum Pulse Width 'divf:u6_1|clkl'
Slack : -1.000
TNS   : -11.000

Type  : Fast 1200mV 0C Model Minimum Pulse Width 'divf:u7_1|clkl'
Slack : -1.000
TNS   : -11.000

Type  : Fast 1200mV 0C Model Minimum Pulse Width 'divf:u8_1|clkl'
Slack : -1.000
TNS   : -11.000

Type  : Fast 1200mV 0C Model Minimum Pulse Width 'divf:u9_1|clkl'
Slack : -1.000
TNS   : -11.000

------------------------------------------------------------
