------------------------------------------------------------
Timing Analyzer Summary
------------------------------------------------------------

Type  : Slow 1200mV 85C Model Setup 'clk'
Slack : -4.309
TNS   : -53.848

Type  : Slow 1200mV 85C Model Setup 'clkl'
Slack : -3.052
TNS   : -62.643

Type  : Slow 1200mV 85C Model Setup 'bandera1'
Slack : -2.664
TNS   : -56.633

Type  : Slow 1200mV 85C Model Hold 'bandera1'
Slack : 0.638
TNS   : 0.000

Type  : Slow 1200mV 85C Model Hold 'clk'
Slack : 0.638
TNS   : 0.000

Type  : Slow 1200mV 85C Model Hold 'clkl'
Slack : 0.646
TNS   : 0.000

Type  : Slow 1200mV 85C Model Minimum Pulse Width 'clk'
Slack : -3.000
TNS   : -39.478

Type  : Slow 1200mV 85C Model Minimum Pulse Width 'clkl'
Slack : -1.403
TNS   : -46.299

Type  : Slow 1200mV 85C Model Minimum Pulse Width 'bandera1'
Slack : -1.403
TNS   : -44.896

Type  : Slow 1200mV 0C Model Setup 'clk'
Slack : -3.930
TNS   : -47.317

Type  : Slow 1200mV 0C Model Setup 'clkl'
Slack : -2.747
TNS   : -53.530

Type  : Slow 1200mV 0C Model Setup 'bandera1'
Slack : -2.401
TNS   : -48.265

Type  : Slow 1200mV 0C Model Hold 'clk'
Slack : 0.588
TNS   : 0.000

Type  : Slow 1200mV 0C Model Hold 'bandera1'
Slack : 0.590
TNS   : 0.000

Type  : Slow 1200mV 0C Model Hold 'clkl'
Slack : 0.598
TNS   : 0.000

Type  : Slow 1200mV 0C Model Minimum Pulse Width 'clk'
Slack : -3.000
TNS   : -39.478

Type  : Slow 1200mV 0C Model Minimum Pulse Width 'clkl'
Slack : -1.403
TNS   : -46.299

Type  : Slow 1200mV 0C Model Minimum Pulse Width 'bandera1'
Slack : -1.403
TNS   : -44.896

Type  : Fast 1200mV 0C Model Setup 'clk'
Slack : -1.365
TNS   : -9.145

Type  : Fast 1200mV 0C Model Setup 'clkl'
Slack : -0.706
TNS   : -6.693

Type  : Fast 1200mV 0C Model Setup 'bandera1'
Slack : -0.500
TNS   : -4.801

Type  : Fast 1200mV 0C Model Hold 'bandera1'
Slack : 0.246
TNS   : 0.000

Type  : Fast 1200mV 0C Model Hold 'clk'
Slack : 0.246
TNS   : 0.000

Type  : Fast 1200mV 0C Model Hold 'clkl'
Slack : 0.250
TNS   : 0.000

Type  : Fast 1200mV 0C Model Minimum Pulse Width 'clk'
Slack : -3.000
TNS   : -29.884

Type  : Fast 1200mV 0C Model Minimum Pulse Width 'clkl'
Slack : -1.000
TNS   : -33.000

Type  : Fast 1200mV 0C Model Minimum Pulse Width 'bandera1'
Slack : -1.000
TNS   : -32.000

------------------------------------------------------------
